# serializer version: 1
# name: test_echo_task
  '''
  Hello, World!
  
  '''
# ---
